2025-06-09 10:07:21,228 - cammer_logger - INFO - Running CAMmer
2025-06-09 10:07:21,228 - cammer_logger - INFO - ['-l', 'F.Cu,In1.Cu,In2.Cu,B.Cu,F.Paste,B.Paste,F.Silkscreen,B.Silkscreen,F.Mask,B.Mask', '-e', 'Edge.Cuts,User.Comments,User.1']
2025-06-09 10:07:21,228 - cammer_logger - INFO - CAMMER START: 2025-06-09T10:07:21.228737
2025-06-09 10:07:27,804 - cammer_logger - INFO - 
START: 2025-06-09T10:07:21.228737
Board saved by user.
Zones filled by CAMmer.
Deleting existing C:\Users\pc235\Documents\GitHub\SparkFun_RTK_mosaic-T\Hardware\GNSSDO_Plus\Production\SparkPNT_GNSSDO_Plus_panelized.GTL
Renaming C:\Users\pc235\Documents\GitHub\SparkFun_RTK_mosaic-T\Hardware\GNSSDO_Plus\Production\SparkPNT_GNSSDO_Plus_panelized-F_Cu.gbr to C:\Users\pc235\Documents\GitHub\SparkFun_RTK_mosaic-T\Hardware\GNSSDO_Plus\Production\SparkPNT_GNSSDO_Plus_panelized.GTL
Deleting existing C:\Users\pc235\Documents\GitHub\SparkFun_RTK_mosaic-T\Hardware\GNSSDO_Plus\Production\SparkPNT_GNSSDO_Plus_panelized.GL2
Renaming C:\Users\pc235\Documents\GitHub\SparkFun_RTK_mosaic-T\Hardware\GNSSDO_Plus\Production\SparkPNT_GNSSDO_Plus_panelized-In1_Cu.gbr to C:\Users\pc235\Documents\GitHub\SparkFun_RTK_mosaic-T\Hardware\GNSSDO_Plus\Production\SparkPNT_GNSSDO_Plus_panelized.GL2
Deleting existing C:\Users\pc235\Documents\GitHub\SparkFun_RTK_mosaic-T\Hardware\GNSSDO_Plus\Production\SparkPNT_GNSSDO_Plus_panelized.GL3
Renaming C:\Users\pc235\Documents\GitHub\SparkFun_RTK_mosaic-T\Hardware\GNSSDO_Plus\Production\SparkPNT_GNSSDO_Plus_panelized-In2_Cu.gbr to C:\Users\pc235\Documents\GitHub\SparkFun_RTK_mosaic-T\Hardware\GNSSDO_Plus\Production\SparkPNT_GNSSDO_Plus_panelized.GL3
Deleting existing C:\Users\pc235\Documents\GitHub\SparkFun_RTK_mosaic-T\Hardware\GNSSDO_Plus\Production\SparkPNT_GNSSDO_Plus_panelized.GBL
Renaming C:\Users\pc235\Documents\GitHub\SparkFun_RTK_mosaic-T\Hardware\GNSSDO_Plus\Production\SparkPNT_GNSSDO_Plus_panelized-B_Cu.gbr to C:\Users\pc235\Documents\GitHub\SparkFun_RTK_mosaic-T\Hardware\GNSSDO_Plus\Production\SparkPNT_GNSSDO_Plus_panelized.GBL
Deleting existing C:\Users\pc235\Documents\GitHub\SparkFun_RTK_mosaic-T\Hardware\GNSSDO_Plus\Production\SparkPNT_GNSSDO_Plus_panelized.GTP
Renaming C:\Users\pc235\Documents\GitHub\SparkFun_RTK_mosaic-T\Hardware\GNSSDO_Plus\Production\SparkPNT_GNSSDO_Plus_panelized-F_Paste.gbr to C:\Users\pc235\Documents\GitHub\SparkFun_RTK_mosaic-T\Hardware\GNSSDO_Plus\Production\SparkPNT_GNSSDO_Plus_panelized.GTP
Deleting existing C:\Users\pc235\Documents\GitHub\SparkFun_RTK_mosaic-T\Hardware\GNSSDO_Plus\Production\SparkPNT_GNSSDO_Plus_panelized.GBP
Renaming C:\Users\pc235\Documents\GitHub\SparkFun_RTK_mosaic-T\Hardware\GNSSDO_Plus\Production\SparkPNT_GNSSDO_Plus_panelized-B_Paste.gbr to C:\Users\pc235\Documents\GitHub\SparkFun_RTK_mosaic-T\Hardware\GNSSDO_Plus\Production\SparkPNT_GNSSDO_Plus_panelized.GBP
Deleting existing C:\Users\pc235\Documents\GitHub\SparkFun_RTK_mosaic-T\Hardware\GNSSDO_Plus\Production\SparkPNT_GNSSDO_Plus_panelized.GTO
Renaming C:\Users\pc235\Documents\GitHub\SparkFun_RTK_mosaic-T\Hardware\GNSSDO_Plus\Production\SparkPNT_GNSSDO_Plus_panelized-F_Silkscreen.gbr to C:\Users\pc235\Documents\GitHub\SparkFun_RTK_mosaic-T\Hardware\GNSSDO_Plus\Production\SparkPNT_GNSSDO_Plus_panelized.GTO
Deleting existing C:\Users\pc235\Documents\GitHub\SparkFun_RTK_mosaic-T\Hardware\GNSSDO_Plus\Production\SparkPNT_GNSSDO_Plus_panelized.GBO
Renaming C:\Users\pc235\Documents\GitHub\SparkFun_RTK_mosaic-T\Hardware\GNSSDO_Plus\Production\SparkPNT_GNSSDO_Plus_panelized-B_Silkscreen.gbr to C:\Users\pc235\Documents\GitHub\SparkFun_RTK_mosaic-T\Hardware\GNSSDO_Plus\Production\SparkPNT_GNSSDO_Plus_panelized.GBO
Deleting existing C:\Users\pc235\Documents\GitHub\SparkFun_RTK_mosaic-T\Hardware\GNSSDO_Plus\Production\SparkPNT_GNSSDO_Plus_panelized.GTS
Renaming C:\Users\pc235\Documents\GitHub\SparkFun_RTK_mosaic-T\Hardware\GNSSDO_Plus\Production\SparkPNT_GNSSDO_Plus_panelized-F_Mask.gbr to C:\Users\pc235\Documents\GitHub\SparkFun_RTK_mosaic-T\Hardware\GNSSDO_Plus\Production\SparkPNT_GNSSDO_Plus_panelized.GTS
Deleting existing C:\Users\pc235\Documents\GitHub\SparkFun_RTK_mosaic-T\Hardware\GNSSDO_Plus\Production\SparkPNT_GNSSDO_Plus_panelized.GBS
Renaming C:\Users\pc235\Documents\GitHub\SparkFun_RTK_mosaic-T\Hardware\GNSSDO_Plus\Production\SparkPNT_GNSSDO_Plus_panelized-B_Mask.gbr to C:\Users\pc235\Documents\GitHub\SparkFun_RTK_mosaic-T\Hardware\GNSSDO_Plus\Production\SparkPNT_GNSSDO_Plus_panelized.GBS
Deleting existing C:\Users\pc235\Documents\GitHub\SparkFun_RTK_mosaic-T\Hardware\GNSSDO_Plus\Production\SparkPNT_GNSSDO_Plus_panelized.GKO
Renaming C:\Users\pc235\Documents\GitHub\SparkFun_RTK_mosaic-T\Hardware\GNSSDO_Plus\Production\SparkPNT_GNSSDO_Plus_panelized-Edge_Cuts.gbr to C:\Users\pc235\Documents\GitHub\SparkFun_RTK_mosaic-T\Hardware\GNSSDO_Plus\Production\SparkPNT_GNSSDO_Plus_panelized.GKO
Drill report: C:\Users\pc235\Documents\GitHub\SparkFun_RTK_mosaic-T\Hardware\GNSSDO_Plus\Production\drill_report.rpt

2025-06-09 10:07:29,570 - cammer_logger - INFO - CAMmer complete
