Drill report for SparkPNT_GNSSDO_Plus_panelized.kicad_pcb
Created on 2025-06-09T10:07:27+0100

Copper Layer Stackup:
    =============================================================
    L1 :  F.Cu                      front
    L2 :  In1.Cu                    in1
    L3 :  In2.Cu                    in2
    L4 :  B.Cu                      back


Drill file 'SparkPNT_GNSSDO_Plus_panelized.drl' contains
    plated through holes:
    =============================================================
    T1  0.300mm  0.0118"  (809 holes)
    T2  0.305mm  0.0120"  (71 holes)
    T3  0.600mm  0.0236"  (8 holes)  (with 8 slots)
    T4  0.889mm  0.0350"  (12 holes)
    T5  0.900mm  0.0354"  (14 holes)
    T6  1.000mm  0.0394"  (6 holes)
    T7  1.016mm  0.0400"  (50 holes)
    T8  1.100mm  0.0433"  (8 holes)
    T9  1.200mm  0.0472"  (11 holes)
    T10  1.400mm  0.0551"  (10 holes)
    T11  1.499mm  0.0590"  (6 holes)
    T12  1.700mm  0.0669"  (2 holes)

    Total plated holes count 1007


Not plated through holes are merged with plated holes
    unplated through holes:
    =============================================================
    T13  0.650mm  0.0256"  (4 holes)
    T14  0.850mm  0.0335"  (2 holes)
    T15  1.000mm  0.0394"  (2 holes)
    T16  3.100mm  0.1220"  (4 holes)
    T17  3.250mm  0.1280"  (2 holes)

    Total unplated holes count 14
