Drill report for SparkFun_RTK_mosaic-T_panelized.kicad_pcb
Created on 2024-07-26T12:58:37+0100

Copper Layer Stackup:
    =============================================================
    L1 :  F.Cu                      front
    L2 :  In1.Cu                    in1
    L3 :  In2.Cu                    in2
    L4 :  B.Cu                      back


Drill file 'SparkFun_RTK_mosaic-T_panelized.drl' contains
    plated through holes:
    =============================================================
    T1  0.300mm  0.0118"  (607 holes)
    T2  0.600mm  0.0236"  (8 holes)  (with 8 slots)
    T3  0.889mm  0.0350"  (12 holes)
    T4  0.900mm  0.0354"  (14 holes)
    T5  0.950mm  0.0374"  (43 holes)
    T6  1.000mm  0.0394"  (6 holes)
    T7  1.016mm  0.0400"  (10 holes)
    T8  1.200mm  0.0472"  (6 holes)
    T9  1.400mm  0.0551"  (10 holes)
    T10  1.499mm  0.0590"  (6 holes)
    T11  1.700mm  0.0669"  (2 holes)

    Total plated holes count 724


Not plated through holes are merged with plated holes
    unplated through holes:
    =============================================================
    T12  0.650mm  0.0256"  (4 holes)
    T13  0.850mm  0.0335"  (2 holes)
    T14  1.000mm  0.0394"  (2 holes)
    T15  3.250mm  0.1280"  (2 holes)
    T16  3.302mm  0.1300"  (4 holes)

    Total unplated holes count 14
